npm warn Unknown project config "auto-install-peers". This will stop working in the next major version of npm. See `npm help npmrc` for supported config options.
npm warn Unknown project config "strict-peer-dependencies". This will stop working in the next major version of npm. See `npm help npmrc` for supported config options.
npm warn Unknown project config "node-linker". This will stop working in the next major version of npm. See `npm help npmrc` for supported config options.
npm warn deprecated inflight@1.0.6: This module is not supported, and leaks memory. Do not use it. Check out lru-cache if you want a good and tested way to coalesce async requests by a key value, which is much more comprehensive and powerful.
npm warn deprecated rimraf@3.0.2: Rimraf versions prior to v4 are no longer supported
npm warn deprecated glob@7.2.3: Glob versions prior to v9 are no longer supported
npm warn deprecated node-domexception@1.0.0: Use your platform's native DOMException instead
(node:43020) ExperimentalWarning: DecompressInterceptor is experimental and subject to change
(Use `node --trace-warnings ...` to show where the warning was created)
Starting evaluation eval-DOY-2026-09-17T05:29:33
Running 50 test cases (up to 4 at a time)...

[90m┌────────────────────────[39m[90m┬────────────────────────[39m[90m┬────────────────────────[39m[90m┬────────────────────────[39m[90m┬────────────────────────┐[39m
[90m│[39m[1m[34m stem                   [39m[22m[90m│[39m[1m[34m qtype                  [39m[22m[90m│[39m[1m[34m answer                 [39m[22m[90m│[39m[1m[34m question_id            [39m[22m[90m│[39m[1m[34m [xueban-api-mock]      [39m[22m[90m│[39m
[90m│[39m[1m[34m                        [39m[22m[90m│[39m[1m[34m                        [39m[22m[90m│[39m[1m[34m                        [39m[22m[90m│[39m[1m[34m                        [39m[22m[90m│[39m[1m[34m evals\prompts\tutor_l… [39m[22m[90m│[39m
[90m│[39m[1m[34m                        [39m[22m[90m│[39m[1m[34m                        [39m[22m[90m│[39m[1m[34m                        [39m[22m[90m│[39m[1m[34m                        [39m[22m[90m│[39m[1m[34m [system]               [39m[22m[90m│[39m
[90m│[39m[1m[34m                        [39m[22m[90m│[39m[1m[34m                        [39m[22m[90m│[39m[1m[34m                        [39m[22m[90m│[39m[1m[34m                        [39m[22m[90m│[39m[1m[34m 你是学伴（XueBan）的…  [39m[22m[90m│[39m
[90m│[39m[1m[34m                        [39m[22m[90m│[39m[1m[34m                        [39m[22m[90m│[39m[1m[34m                        [39m[22m[90m│[39m[1m[34m                        [39m[22m[90m│[39m[1m[34m 核心纪律（不可违反）： [39m[22m[90m│[39m
[90m│[39m[1m[34m                        [39m[22m[90m│[39m[1m[34m                        [39m[22m[90m│[39m[1m[34m                        [39m[22m[90m│[39m[1m[34m                        [39m[22m[90m│[39m[1m[34m 1.                     [39m[22m[90m│[39m
[90m│[39m[1m[34m                        [39m[22m[90m│[39m[1m[34m                        [39m[22m[90m│[39m[1m[34m                        [39m[22m[90m│[39m[1m[34m                        [39m[22m[90m│[39m[1m[34m 绝不直接给出完整答案…  [39m[22m[90m│[39m
[90m│[39m[1m[34m                        [39m[22m[90m│[39m[1m[34m                        [39m[22m[90m│[39m[1m[34m                        [39m[22m[90m│[39m[1m[34m                        [39m[22m[90m│[39m[1m[34m 3 层（全解）。         [39m[22m[90m│[39m
[90m│[39m[1m[34m                        [39m[22m[90m│[39m[1m[34m                        [39m[22m[90m│[39m[1m[34m                        [39m[22m[90m│[39m[1m[34m                        [39m[22m[90m│[39m[1m[34m 2.                     [39m[22m[90m│[39m
[90m│[39m[1m[34m                        [39m[22m[90m│[39m[1m[34m                        [39m[22m[90m│[39m[1m[34m                        [39m[22m[90m│[39m[1m[34m                        [39m[22m[90m│[39m[1m[34m 每次只输出当前层级要…  [39m[22m[90m│[39m
[90m│[39m[1m[34m                        [39m[22m[90m│[39m[1m[34m                        [39m[22m[90m│[39m[1m[34m                        [39m[22m[90m│[39m[1m[34m                        [39m[22m[90m│[39m[1m[34m 3.                     [39m[22m[90m│[39m
[90m│[39m[1m[34m                        [39m[22m[90m│[39m[1m[34m                        [39m[22m[90m│[39m[1m[34m                        [39m[22m[90m│[39m[1m[34m                        [39m[22m[90m│[39m[1m[34m 用鼓励、引导的语气，…  [39m[22m[90m│[39m
[90m│[39m[1m[34m                        [39m[22m[90m│[39m[1m[34m                        [39m[22m[90m│[39m[1m[34m                        [39m[22m[90m│[39m[1m[34m                        [39m[22m[90m│[39m[1m[34m 4. 数学表达式使用      [39m[22m[90m│[39m
[90m│[39m[1m[34m                        [39m[22m[90m│[39m[1m[34m                        [39m[22m[90m│[39m[1m[34m                        [39m[22m[90m│[39m[1m[34m                        [39m[22m[90m│[39m[1m[34m LaTeX（$...$）。       [39m[22m[90m│[39m
[90m│[39m[1m[34m                        [39m[22m[90m│[39m[1m[34m                        [39m[22m[90m│[39m[1m[34m                        [39m[22m[90m│[39m[1m[34m                        [39m[22m[90m│[39m[1m[34m [user...               [39m[22m[90m│[39m
[90m├────────────────────────[39m[90m┼────────────────────────[39m[90m┼────────────────────────[39m[90m┼────────────────────────[39m[90m┼────────────────────────┤[39m
[90m│[39m [正数与负数] 计算：18  [90m│[39m choice                 [90m│[39m A                      [90m│[39m 7615321b-5c1b-4510-b0… [90m│[39m [PASS]                 [90m│[39m
[90m│[39m × 5 = ？               [90m│[39m                        [90m│[39m                        [90m│[39m                        [90m│[39m 思路提示：先看题目的…  [90m│[39m
[90m├────────────────────────[39m[90m┼────────────────────────[39m[90m┼────────────────────────[39m[90m┼────────────────────────[39m[90m┼────────────────────────┤[39m
[90m│[39m [正数与负数] 计算：4 × [90m│[39m fill                   [90m│[39m 20                     [90m│[39m 6bb0755c-2d6e-4364-8a… [90m│[39m [PASS]                 [90m│[39m
[90m│[39m 5 = ?                  [90m│[39m                        [90m│[39m                        [90m│[39m                        [90m│[39m 思路提示：先看题目的…  [90m│[39m
[90m├────────────────────────[39m[90m┼────────────────────────[39m[90m┼────────────────────────[39m[90m┼────────────────────────[39m[90m┼────────────────────────┤[39m
[90m│[39m [正数与负数] 计算：38  [90m│[39m choice                 [90m│[39m A                      [90m│[39m f27f54aa-4d92-47bd-9c… [90m│[39m [PASS]                 [90m│[39m
[90m│[39m - 14 = ？              [90m│[39m                        [90m│[39m                        [90m│[39m                        [90m│[39m 思路提示：先看题目的…  [90m│[39m
[90m├────────────────────────[39m[90m┼────────────────────────[39m[90m┼────────────────────────[39m[90m┼────────────────────────[39m[90m┼────────────────────────┤[39m
[90m│[39m [正数与负数] 计算：52  [90m│[39m fill                   [90m│[39m 24                     [90m│[39m 8de744e7-de08-4136-b8… [90m│[39m [PASS]                 [90m│[39m
[90m│[39m - 28 = ?               [90m│[39m                        [90m│[39m                        [90m│[39m                        [90m│[39m 思路提示：先看题目的…  [90m│[39m
[90m├────────────────────────[39m[90m┼────────────────────────[39m[90m┼────────────────────────[39m[90m┼────────────────────────[39m[90m┼────────────────────────┤[39m
[90m│[39m [正数与负数] 计算：47  [90m│[39m choice                 [90m│[39m D                      [90m│[39m 4087c052-22f0-4bb5-a0… [90m│[39m [PASS]                 [90m│[39m
[90m│[39m - 46 = ？              [90m│[39m                        [90m│[39m                        [90m│[39m                        [90m│[39m 思路提示：先看题目的…  [90m│[39m
[90m├────────────────────────[39m[90m┼────────────────────────[39m[90m┼────────────────────────[39m[90m┼────────────────────────[39m[90m┼────────────────────────┤[39m
[90m│[39m [正数与负数] 计算：38  [90m│[39m fill                   [90m│[39m 98                     [90m│[39m 28ad892b-bd9e-4d4a-ba… [90m│[39m [PASS]                 [90m│[39m
[90m│[39m + 60 = ?               [90m│[39m                        [90m│[39m                        [90m│[39m                        [90m│[39m 思路提示：先看题目的…  [90m│[39m
[90m├────────────────────────[39m[90m┼────────────────────────[39m[90m┼────────────────────────[39m[90m┼────────────────────────[39m[90m┼────────────────────────┤[39m
[90m│[39m [正数与负数] 计算：11  [90m│[39m choice                 [90m│[39m A                      [90m│[39m 8131661e-2f86-46ce-a6… [90m│[39m [PASS]                 [90m│[39m
[90m│[39m × 2 = ？               [90m│[39m                        [90m│[39m                        [90m│[39m                        [90m│[39m 思路提示：先看题目的…  [90m│[39m
[90m├────────────────────────[39m[90m┼────────────────────────[39m[90m┼────────────────────────[39m[90m┼────────────────────────[39m[90m┼────────────────────────┤[39m
[90m│[39m [数轴] 计算：19 × 17 = [90m│[39m choice                 [90m│[39m A                      [90m│[39m be1151e0-8910-42f7-8d… [90m│[39m [PASS]                 [90m│[39m
[90m│[39m ？                     [90m│[39m                        [90m│[39m                        [90m│[39m                        [90m│[39m 思路提示：先看题目的…  [90m│[39m
[90m├────────────────────────[39m[90m┼────────────────────────[39m[90m┼────────────────────────[39m[90m┼────────────────────────[39m[90m┼────────────────────────┤[39m
[90m│[39m [数轴] 计算：74 - 55 = [90m│[39m fill                   [90m│[39m 19                     [90m│[39m c4ac3234-b17d-4eba-9d… [90m│[39m [PASS]                 [90m│[39m
[90m│[39m ?                      [90m│[39m                        [90m│[39m                        [90m│[39m                        [90m│[39m 思路提示：先看题目的…  [90m│[39m
[90m├────────────────────────[39m[90m┼────────────────────────[39m[90m┼────────────────────────[39m[90m┼────────────────────────[39m[90m┼────────────────────────┤[39m
[90m│[39m [数轴] 计算：67 + 68 = [90m│[39m choice                 [90m│[39m D                      [90m│[39m 1449f57b-d264-41be-b0… [90m│[39m [PASS]                 [90m│[39m
[90m│[39m ？                     [90m│[39m                        [90m│[39m                        [90m│[39m                        [90m│[39m 思路提示：先看题目的…  [90m│[39m
[90m├────────────────────────[39m[90m┼────────────────────────[39m[90m┼────────────────────────[39m[90m┼────────────────────────[39m[90m┼────────────────────────┤[39m
[90m│[39m [数轴] 计算：93 - 81 = [90m│[39m fill                   [90m│[39m 12                     [90m│[39m 9ff364b5-0eec-445d-9d… [90m│[39m [PASS]                 [90m│[39m
[90m│[39m ?                      [90m│[39m                        [90m│[39m                        [90m│[39m                        [90m│[39m 思路提示：先看题目的…  [90m│[39m
[90m├────────────────────────[39m[90m┼────────────────────────[39m[90m┼────────────────────────[39m[90m┼────────────────────────[39m[90m┼────────────────────────┤[39m
[90m│[39m [数轴] 计算：62 - 20 = [90m│[39m choice                 [90m│[39m A                      [90m│[39m 4a49536b-0579-4666-ac… [90m│[39m [PASS]                 [90m│[39m
[90m│[39m ？                     [90m│[39m                        [90m│[39m                        [90m│[39m                        [90m│[39m 思路提示：先看题目的…  [90m│[39m
[90m├────────────────────────[39m[90m┼────────────────────────[39m[90m┼────────────────────────[39m[90m┼────────────────────────[39m[90m┼────────────────────────┤[39m
[90m│[39m [数轴] 计算：93 - 71 = [90m│[39m fill                   [90m│[39m 22                     [90m│[39m ed3dd86a-fed5-419c-a8… [90m│[39m [PASS]                 [90m│[39m
[90m│[39m ?                      [90m│[39m                        [90m│[39m                        [90m│[39m                        [90m│[39m 思路提示：先看题目的…  [90m│[39m
[90m├────────────────────────[39m[90m┼────────────────────────[39m[90m┼────────────────────────[39m[90m┼────────────────────────[39m[90m┼────────────────────────┤[39m
[90m│[39m [数轴] 计算：11 × 19 = [90m│[39m choice                 [90m│[39m A                      [90m│[39m 99480650-e978-496e-a2… [90m│[39m [PASS]                 [90m│[39m
[90m│[39m ？                     [90m│[39m                        [90m│[39m                        [90m│[39m                        [90m│[39m 思路提示：先看题目的…  [90m│[39m
[90m├────────────────────────[39m[90m┼────────────────────────[39m[90m┼────────────────────────[39m[90m┼────────────────────────[39m[90m┼────────────────────────┤[39m
[90m│[39m [相反数] 计算：39 - 27 [90m│[39m choice                 [90m│[39m A                      [90m│[39m 8d9608c6-fec5-4540-a4… [90m│[39m [PASS]                 [90m│[39m
[90m│[39m = ？                   [90m│[39m                        [90m│[39m                        [90m│[39m                        [90m│[39m 思路提示：先看题目的…  [90m│[39m
[90m├────────────────────────[39m[90m┼────────────────────────[39m[90m┼────────────────────────[39m[90m┼────────────────────────[39m[90m┼────────────────────────┤[39m
[90m│[39m [相反数] 计算：48 - 27 [90m│[39m fill                   [90m│[39m 21                     [90m│[39m a62a5ec5-a019-4d7e-a5… [90m│[39m [PASS]                 [90m│[39m
[90m│[39m = ?                    [90m│[39m                        [90m│[39m                        [90m│[39m                        [90m│[39m 思路提示：先看题目的…  [90m│[39m
[90m├────────────────────────[39m[90m┼────────────────────────[39m[90m┼────────────────────────[39m[90m┼────────────────────────[39m[90m┼────────────────────────┤[39m
[90m│[39m [相反数] 计算：90 - 64 [90m│[39m choice                 [90m│[39m B                      [90m│[39m 44e4782b-d5c3-4fd4-ba… [90m│[39m [PASS]                 [90m│[39m
[90m│[39m = ？                   [90m│[39m                        [90m│[39m                        [90m│[39m                        [90m│[39m 思路提示：先看题目的…  [90m│[39m
[90m├────────────────────────[39m[90m┼────────────────────────[39m[90m┼────────────────────────[39m[90m┼────────────────────────[39m[90m┼────────────────────────┤[39m
[90m│[39m [相反数] 计算：42 - 39 [90m│[39m fill                   [90m│[39m 3                      [90m│[39m 25477ef2-8119-4b55-bc… [90m│[39m [PASS]                 [90m│[39m
[90m│[39m = ?                    [90m│[39m                        [90m│[39m                        [90m│[39m                        [90m│[39m 思路提示：先看题目的…  [90m│[39m
[90m├────────────────────────[39m[90m┼────────────────────────[39m[90m┼────────────────────────[39m[90m┼────────────────────────[39m[90m┼────────────────────────┤[39m
[90m│[39m [相反数] 计算：18 × 10 [90m│[39m choice                 [90m│[39m C                      [90m│[39m 5cb8a15e-2aae-4a94-96… [90m│[39m [PASS]                 [90m│[39m
[90m│[39m = ？                   [90m│[39m                        [90m│[39m                        [90m│[39m                        [90m│[39m 思路提示：先看题目的…  [90m│[39m
[90m├────────────────────────[39m[90m┼────────────────────────[39m[90m┼────────────────────────[39m[90m┼────────────────────────[39m[90m┼────────────────────────┤[39m
[90m│[39m [相反数] 计算：65 + 49 [90m│[39m fill                   [90m│[39m 114                    [90m│[39m 2b790fb6-2218-4c1e-a9… [90m│[39m [PASS]                 [90m│[39m
[90m│[39m = ?                    [90m│[39m                        [90m│[39m                        [90m│[39m                        [90m│[39m 思路提示：先看题目的…  [90m│[39m
[90m├────────────────────────[39m[90m┼────────────────────────[39m[90m┼────────────────────────[39m[90m┼────────────────────────[39m[90m┼────────────────────────┤[39m
[90m│[39m [相反数] 计算：97 - 26 [90m│[39m choice                 [90m│[39m C                      [90m│[39m f1d2891d-5d26-4774-ae… [90m│[39m [PASS]                 [90m│[39m
[90m│[39m = ？                   [90m│[39m                        [90m│[39m                        [90m│[39m                        [90m│[39m 思路提示：先看题目的…  [90m│[39m
[90m├────────────────────────[39m[90m┼────────────────────────[39m[90m┼────────────────────────[39m[90m┼────────────────────────[39m[90m┼────────────────────────┤[39m
[90m│[39m [绝对值] 计算：76 + 71 [90m│[39m choice                 [90m│[39m D                      [90m│[39m eec7f2a3-19d5-4d11-a4… [90m│[39m [PASS]                 [90m│[39m
[90m│[39m = ？                   [90m│[39m                        [90m│[39m                        [90m│[39m                        [90m│[39m 思路提示：先看题目的…  [90m│[39m
[90m├────────────────────────[39m[90m┼────────────────────────[39m[90m┼────────────────────────[39m[90m┼────────────────────────[39m[90m┼────────────────────────┤[39m
[90m│[39m [绝对值] 计算：98 - 71 [90m│[39m fill                   [90m│[39m 27                     [90m│[39m 4820c713-3020-4a96-90… [90m│[39m [PASS]                 [90m│[39m
[90m│[39m = ?                    [90m│[39m                        [90m│[39m                        [90m│[39m                        [90m│[39m 思路提示：先看题目的…  [90m│[39m
[90m├────────────────────────[39m[90m┼────────────────────────[39m[90m┼────────────────────────[39m[90m┼────────────────────────[39m[90m┼────────────────────────┤[39m
[90m│[39m [绝对值] 计算：13 × 6  [90m│[39m choice                 [90m│[39m B                      [90m│[39m bfd8a489-d7e9-474d-a3… [90m│[39m [PASS]                 [90m│[39m
[90m│[39m = ？                   [90m│[39m                        [90m│[39m                        [90m│[39m                        [90m│[39m 思路提示：先看题目的…  [90m│[39m
[90m├────────────────────────[39m[90m┼────────────────────────[39m[90m┼────────────────────────[39m[90m┼────────────────────────[39m[90m┼────────────────────────┤[39m
[90m│[39m [绝对值] 计算：71 - 30 [90m│[39m fill                   [90m│[39m 41                     [90m│[39m 7a56e243-a9e7-49e3-83… [90m│[39m [PASS]                 [90m│[39m
[90m│[39m = ?                    [90m│[39m                        [90m│[39m                        [90m│[39m                        [90m│[39m 思路提示：先看题目的…  [90m│[39m
[90m└────────────────────────[39m[90m┴────────────────────────[39m[90m┴────────────────────────[39m[90m┴────────────────────────[39m[90m┴────────────────────────┘[39m
... 25 more rows not shown ...

✓ Eval complete (ID: eval-DOY-2026-09-17T05:29:33)

» View results: promptfoo view
» Share with your team: https://promptfoo.app
» Feedback: https://promptfoo.dev/feedback


Results:
  ✓ 50 passed (100%)
  0 failed (0%)
  0 errors (0%)
Duration: 2s (concurrency: 4)

Writing output to C:/Users/Lenovo/AppData/Local/Temp/opencode/k6/promptfoo-tutor-mock.json
